// Jest Snapshot v1, https://goo.gl/fbAQLP

exports[`Pruebas en <AddCategory /> Debe coincidir con el snapshot 1`] = `
<form
  onSubmit={[Function]}
>
  <p
    style={
      Object {
        "display": "none",
      }
    }
  />
  <input
    className="form-control"
    onChange={[Function]}
    type="text"
    value=""
  />
</form>
`;
