// Jest Snapshot v1, https://goo.gl/fbAQLP

exports[`Pruebas en <GifGrid /> Debe coincidir con el snapshot 1`] = `
<section>
  <h3
    className="text-center animate__animated animate__fadeIn"
  >
    Dragon Ball Super
  </h3>
  <p
    className="text-center animate__animated animate__flash"
  >
    Loading ...
  </p>
  <main
    className="card-grid"
  />
</section>
`;
